
> my-v0-project@0.1.0 build
> next build

   Γû▓ Next.js 16.0.10 (Turbopack)
   - Environments: .env.local

   Creating an optimized production build ...
 Γ£ô Compiled successfully in 2.8s
   Skipping validation of types
   Collecting page data using 11 workers ...
   Generating static pages using 11 workers (0/12) ...
   Generating static pages using 11 workers (3/12) 
   Generating static pages using 11 workers (6/12) 
   Generating static pages using 11 workers (9/12) 
 Γ£ô Generating static pages using 11 workers (12/12) in 2.5s
   Finalizing page optimization ...

Route (app)
Γöî Γùï /
Γö£ Γùï /_not-found
Γö£ ╞Æ /api/cnc/clients
Γö£ ╞Æ /api/cnc/clients/[id]
Γö£ ╞Æ /api/cnc/expenses
Γö£ ╞Æ /api/cnc/expenses/[id]
Γö£ ╞Æ /api/cnc/materials
Γö£ ╞Æ /api/cnc/materials/[id]
Γö£ ╞Æ /api/cnc/orders
Γö£ ╞Æ /api/cnc/orders/[id]
Γö£ ╞Æ /api/cnc/purchases
Γö£ ╞Æ /api/cnc/wastages
Γö£ ╞Æ /api/interiors/clients
Γö£ ╞Æ /api/interiors/clients/[id]
Γö£ ╞Æ /api/interiors/expenses
Γö£ ╞Æ /api/interiors/expenses/[id]
Γö£ ╞Æ /api/interiors/projects
Γöö ╞Æ /api/interiors/projects/[id]


Γùï  (Static)   prerendered as static content
╞Æ  (Dynamic)  server-rendered on demand

